2026-07-18 17:01:59,834 - ERROR - url: http://aktv.space/live.m3u 失败❌, Error: 404 Client Error: Not Found for url: http://aktv.space/live.m3u
2026-07-18 17:02:04,838 - ERROR - url: http://92.112.21.169:30000/mytv.m3u 失败❌, Error: HTTPConnectionPool(host='92.112.21.169', port=30000): Max retries exceeded with url: /mytv.m3u (Caused by ConnectTimeoutError(<HTTPConnection(host='92.112.21.169', port=30000) at 0x7ff1df7eb310>, 'Connection to 92.112.21.169 timed out. (connect timeout=5)'))
2026-07-18 17:02:04,980 - INFO - url: https://raw.githubusercontent.com/alantang1977/IPTV_SuperA/main/output/result.m3u 成功，判断为m3u格式，响应时间: 0.14 秒
2026-07-18 17:02:05,247 - INFO - url: https://raw.githubusercontent.com/peterHchina/iptv/refs/heads/main/IPTV-V4.m3u 成功，判断为m3u格式，响应时间: 0.27 秒
2026-07-18 17:02:05,385 - INFO - url: https://raw.githubusercontent.com/alantang1977/JunTV/refs/heads/main/output/result.m3u 成功，判断为m3u格式，响应时间: 0.14 秒
2026-07-18 17:02:05,447 - INFO - url: https://raw.githubusercontent.com/ssili126/tv/main/itvlist.txt 成功，判断为txt格式，响应时间: 0.06 秒
2026-07-18 17:02:05,448 - INFO - url: https://raw.githubusercontent.com/ssili126/tv/main/itvlist.txt 成功，包含频道分类: 央视频道, 卫视频道, 其他频道
2026-07-18 17:02:06,626 - INFO - url: https://live.zbds.top/tv/iptv4.txt 成功，判断为txt格式，响应时间: 1.18 秒
2026-07-18 17:02:06,628 - INFO - url: https://live.zbds.top/tv/iptv4.txt 成功，包含频道分类: 央视频道, 卫视频道, 电影频道, 数字频道, 儿童频道, 地方频道, 纪录频道, 体育频道, 解说频道, 音乐频道, 春晚频道, 直播中国, 更新时间
2026-07-18 17:02:08,625 - ERROR - url: https://gitee.com/xxy002/zhiboyuan/raw/master/dsy 失败❌, Error: 404 Client Error: Not Found for url: https://gitee.com/xxy002/zhiboyuan/raw/master/dsy
2026-07-18 17:02:08,710 - ERROR - url: https://raw.githubusercontent.com/tianya7981/jiekou/refs/heads/main/野火959 失败❌, Error: 404 Client Error: Not Found for url: https://raw.githubusercontent.com/tianya7981/jiekou/refs/heads/main/%E9%87%8E%E7%81%AB959
2026-07-18 17:02:08,739 - ERROR - url: https://raw.githubusercontent.com/big-mouth-cn/tv/main/iptv-ok.m3u 失败❌, Error: ('Connection aborted.', ConnectionResetError(104, 'Connection reset by peer'))
2026-07-18 17:02:14,341 - ERROR - url: https://codeberg.org/alfredisme/mytvsources/raw/branch/main/mylist-ipv6.m3u 失败❌, Error: HTTPSConnectionPool(host='codeberg.org', port=443): Read timed out. (read timeout=5)
2026-07-18 17:02:14,422 - ERROR - url: https://raw.githubusercontent.com/lalifeier/IPTV/main/m3u/IPTV.m3u 失败❌, Error: 404 Client Error: Not Found for url: https://raw.githubusercontent.com/lalifeier/IPTV/main/m3u/IPTV.m3u
2026-07-18 17:02:14,537 - INFO - url: https://raw.githubusercontent.com/wwb521/live/main/tv.m3u 成功，判断为m3u格式，响应时间: 0.11 秒
2026-07-18 17:02:14,663 - INFO - url: https://raw.githubusercontent.com/ssili126/tv/main/itvlist.m3u 成功，判断为m3u格式，响应时间: 0.13 秒
2026-07-18 17:02:19,711 - ERROR - url: https://raw.githubusercontent.com/asdjkl6/tv/tv/.m3u/整套直播源/测试/整套直播源/l.txt 失败❌, Error: HTTPSConnectionPool(host='raw.githubusercontent.com', port=443): Read timed out. (read timeout=5)
2026-07-18 17:02:19,937 - INFO - url: https://raw.githubusercontent.com/asdjkl6/tv/tv/.m3u/整套直播源/测试/整套直播源/kk.txt 成功，判断为txt格式，响应时间: 0.23 秒
2026-07-18 17:02:19,942 - INFO - url: https://raw.githubusercontent.com/asdjkl6/tv/tv/.m3u/整套直播源/测试/整套直播源/kk.txt 成功，包含频道分类: 🇨🇳 低调, 🇨🇳 央视, 🇨🇳 卫视, 🇨🇳 NEWTV, 🇨🇳 IHOT, 🇨🇳 咪咕, 🇨🇳 Y Y, 🇨🇳 剧场, 🇨🇳 体育, 🇨🇳 埋堆, 🇨🇳 斗鱼, 虎牙, 🇨🇳 港台, 🇨🇳 D J
2026-07-18 17:02:19,973 - ERROR - url: https://raw.githubusercontent.com/suxuang/myIPTV/main/ipv6.m3u 失败❌, Error: ('Connection aborted.', ConnectionResetError(104, 'Connection reset by peer'))
2026-07-18 17:02:20,057 - INFO - url: https://raw.githubusercontent.com/Guovin/iptv-api/gd/output/result.m3u 成功，判断为m3u格式，响应时间: 0.08 秒
2026-07-18 17:02:20,375 - INFO - url: https://raw.githubusercontent.com/yuanzl77/IPTV/main/live.m3u 成功，判断为m3u格式，响应时间: 0.31 秒
2026-07-18 17:02:20,441 - INFO - url: https://raw.githubusercontent.com/YanG-1989/m3u/main/Gather.m3u 成功，判断为m3u格式，响应时间: 0.05 秒
2026-07-18 17:02:20,543 - ERROR - url: https://raw.githubusercontent.com/YueChan/Live/refs/heads/main/APTV.m3u 失败❌, Error: 404 Client Error: Not Found for url: https://raw.githubusercontent.com/YueChan/Live/refs/heads/main/APTV.m3u
2026-07-18 17:02:20,669 - INFO - url: https://raw.githubusercontent.com/Kimentanm/aptv/master/m3u/iptv.m3u 成功，判断为m3u格式，响应时间: 0.13 秒
2026-07-18 17:02:20,800 - INFO - url: https://live.zbds.top/tv/iptv6.txt 成功，判断为txt格式，响应时间: 0.13 秒
2026-07-18 17:02:20,800 - INFO - url: https://live.zbds.top/tv/iptv6.txt 成功，包含频道分类: 更新时间
2026-07-18 17:02:21,213 - INFO - url: http://xhztv.top/new.txt 成功，判断为txt格式，响应时间: 0.41 秒
2026-07-18 17:02:21,217 - INFO - url: http://xhztv.top/new.txt 成功，包含频道分类: 央视频道, 卫视频道, 电影频道, 数字频道, 儿童频道, 地方频道, 纪录频道, 体育频道, 解说频道, 音乐频道, 春晚频道, 直播中国, 更新时间
2026-07-18 17:02:21,339 - ERROR - url: https://raw.githubusercontent.com/vbskycn/iptv/master/tv/hd.txt 失败❌, Error: 404 Client Error: Not Found for url: https://raw.githubusercontent.com/vbskycn/iptv/master/tv/hd.txt
2026-07-18 17:02:21,480 - INFO - url: https://live.fanmingming.cn/tv/m3u/ipv6.m3u 成功，判断为m3u格式，响应时间: 0.14 秒
2026-07-18 17:02:21,876 - INFO - url: https://live.zhoujie218.top/tv/iptv6.txt 成功，判断为txt格式，响应时间: 0.40 秒
2026-07-18 17:02:21,876 - INFO - url: https://live.zhoujie218.top/tv/iptv6.txt 成功，包含频道分类: 更新时间
2026-07-18 17:02:21,949 - INFO - url: https://cdn.jsdelivr.net/gh/YueChan/live@main/IPTV.m3u 成功，判断为m3u格式，响应时间: 0.07 秒
2026-07-18 17:02:22,074 - INFO - url: https://raw.githubusercontent.com/cymz6/AutoIPTV-Hotel/main/lives.txt 成功，判断为txt格式，响应时间: 0.12 秒
2026-07-18 17:02:22,075 - INFO - url: https://raw.githubusercontent.com/cymz6/AutoIPTV-Hotel/main/lives.txt 成功，包含频道分类: 央视频道, 卫视频道, 其他频道
2026-07-18 17:02:22,149 - ERROR - url: https://raw.githubusercontent.com/PizazzGY/TVBox_warehouse/main/live.txt 失败❌, Error: 404 Client Error: Not Found for url: https://raw.githubusercontent.com/PizazzGY/TVBox_warehouse/main/live.txt
2026-07-18 17:02:22,996 - ERROR - url: https://fm1077.serv00.net/SmartTV.m3u 失败❌, Error: 404 Client Error: Not Found for url: https://fm1077.serv00.net/SmartTV.m3u
2026-07-18 17:02:23,098 - INFO - url: https://raw.githubusercontent.com/joevess/IPTV/main/home.m3u8 成功，判断为txt格式，响应时间: 0.10 秒
2026-07-18 17:02:28,702 - ERROR - url: https://tv.youdu.fan:666/live/ 失败❌, Error: HTTPSConnectionPool(host='tv.youdu.fan', port=666): Max retries exceeded with url: /live/ (Caused by ConnectTimeoutError(<HTTPSConnection(host='tv.youdu.fan', port=666) at 0x7ff1df57c1c0>, 'Connection to tv.youdu.fan timed out. (connect timeout=5)'))
2026-07-18 17:02:28,839 - INFO - url: https://m3u.ibert.me/txt/o_cn.txt 成功，判断为txt格式，响应时间: 0.14 秒
2026-07-18 17:02:28,839 - INFO - url: https://m3u.ibert.me/txt/o_cn.txt 成功，包含频道分类: Religious, News, Undefined, Kids, General, Business, Entertainment, Movies, Education, Culture, Documentary, Music, Lifestyle, Sports, Education;Outdoor, Classic, Animation;Kids, Education;Lifestyle;Science, Kids;Lifestyle, Culture;Education, General;News, Weather, Family, Science, Education;Science, Legislative, Shop
2026-07-18 17:02:28,939 - INFO - url: https://m3u.ibert.me/txt/j_iptv.txt 成功，判断为txt格式，响应时间: 0.10 秒
2026-07-18 17:02:29,067 - INFO - url: https://raw.githubusercontent.com/xzw832/cmys/main/S_CCTV.txt 成功，判断为txt格式，响应时间: 0.13 秒
2026-07-18 17:02:29,181 - INFO - url: https://raw.githubusercontent.com/xzw832/cmys/main/S_weishi.txt 成功，判断为txt格式，响应时间: 0.11 秒
2026-07-18 17:02:29,293 - INFO - url: https://raw.githubusercontent.com/BurningC4/Chinese-IPTV/master/TV-IPV4.m3u 成功，判断为m3u格式，响应时间: 0.11 秒
2026-07-18 17:02:29,518 - INFO - url: https://raw.githubusercontent.com/joevess/IPTV/main/m3u/iptv.m3u 成功，判断为txt格式，响应时间: 0.22 秒
2026-07-18 17:02:29,624 - ERROR - url: https://raw.githubusercontent.com/Ftindy/IPTV-URL/main/IPV6.m3u 失败❌, Error: 404 Client Error: Not Found for url: https://raw.githubusercontent.com/Ftindy/IPTV-URL/main/IPV6.m3u
2026-07-18 17:02:29,671 - INFO - url: https://raw.githubusercontent.com/YanG-1989/m3u/main/Gather.m3u 成功，判断为m3u格式，响应时间: 0.05 秒
2026-07-18 17:02:30,433 - INFO - url: https://iptv.b2og.com/txt/fmml_ipv6.txt 成功，判断为txt格式，响应时间: 0.76 秒
2026-07-18 17:02:30,433 - INFO - url: https://iptv.b2og.com/txt/fmml_ipv6.txt 成功，包含频道分类: 央视频道, 卫视频道, 浙江频道, 内蒙频道
2026-07-18 17:02:30,806 - ERROR - url: http://xhztv.top/zbc.txt 失败❌, Error: 404 Client Error: Not Found for url: http://xhztv.top/zbc.txt
2026-07-18 17:02:30,839 - ERROR - url: https://raw.githubusercontent.com/kimwang1978/collect-tv-txt/main/merged_output_simple.txt 失败❌, Error: ('Connection aborted.', ConnectionResetError(104, 'Connection reset by peer'))
2026-07-18 17:02:30,961 - INFO - url: https://raw.githubusercontent.com/SPX372928/MyIPTV/master/黑龙江PLTV移动CDN版.txt 成功，判断为txt格式，响应时间: 0.12 秒
2026-07-18 17:02:31,347 - INFO - url: https://raw.githubusercontent.com/qingwen07/awesome-iptv/main/tvbox_live_all.txt 成功，判断为txt格式，响应时间: 0.38 秒
2026-07-18 17:02:31,369 - INFO - url: https://raw.githubusercontent.com/qingwen07/awesome-iptv/main/tvbox_live_all.txt 成功，包含频道分类: 央视, 新闻, 卫视台, 地方台, 港澳台, 埋堆堆, 影视, 体育, 音乐, 小品, 咪咕, 斗鱼, 少儿, 国外, IPV6, 
2026-07-18 17:02:31,488 - INFO - url: https://raw.githubusercontent.com/kimwang1978/collect-tv-txt/main/merged_output.m3u 成功，判断为m3u格式，响应时间: 0.12 秒
2026-07-18 17:02:31,638 - ERROR - url: https://live.zhoujie218.top/tv/iptv4.txthttps://raw.githubusercontent.com/n3rddd/collect-tv-txt/refs/heads/main/others_output.txt 失败❌, Error: 404 Client Error: Not Found for url: https://live.zbds.top/tv/iptv4.txthttps:/raw.githubusercontent.com/n3rddd/collect-tv-txt/refs/heads/main/others_output.txt
